This is pdfTeX, Version 3.141592653-2.6-1.40.24 (MiKTeX 22.1) (preloaded format=pdflatex 2025.5.11)  17 SEP 2026 08:57
entering extended mode
 restricted \write18 enabled.
 %&-line parsing enabled.
**./paper.tex
(paper.tex
LaTeX2e <2024-11-01> patch level 2
L3 programming layer <2025-04-14>
(llncs.cls
Document Class: llncs 2024/01/29 v2.24 
 LaTeX document class for Lecture Notes in Computer Science

(/Users/mgdamigos/Library/Application Support/MiKTeX/texmfs/install/tex/latex/b
ase/article.cls
Document Class: article 2024/06/29 v1.4n Standard LaTeX document class

(/Users/mgdamigos/Library/Application Support/MiKTeX/texmfs/install/tex/latex/b
ase/size10.clo
File: size10.clo 2024/06/29 v1.4n Standard LaTeX file (size option)
)
\c@part=\count272
\c@section=\count273
\c@subsection=\count274
\c@subsubsection=\count275
\c@paragraph=\count276
\c@subparagraph=\count277
\c@figure=\count278
\c@table=\count279
\abovecaptionskip=\skip49
\belowcaptionskip=\skip50
\bibindent=\dimen146
)
(/Users/mgdamigos/Library/Application Support/MiKTeX/texmfs/install/tex/latex/t
ools/multicol.sty
Package: multicol 2024/09/14 v1.9i multicolumn formatting (FMi)
\c@tracingmulticols=\count280
\mult@box=\box53
\multicol@leftmargin=\dimen147
\c@unbalance=\count281
\c@collectmore=\count282
\doublecol@number=\count283
\multicoltolerance=\count284
\multicolpretolerance=\count285
\full@width=\dimen148
\page@free=\dimen149
\premulticols=\dimen150
\postmulticols=\dimen151
\multicolsep=\skip51
\multicolbaselineskip=\skip52
\partial@page=\box54
\last@line=\box55
\mc@boxedresult=\box56
\maxbalancingoverflow=\dimen152
\mult@rightbox=\box57
\mult@grightbox=\box58
\mult@firstbox=\box59
\mult@gfirstbox=\box60
\@tempa=\box61
\@tempa=\box62
\@tempa=\box63
\@tempa=\box64
\@tempa=\box65
\@tempa=\box66
\@tempa=\box67
\@tempa=\box68
\@tempa=\box69
\@tempa=\box70
\@tempa=\box71
\@tempa=\box72
\@tempa=\box73
\@tempa=\box74
\@tempa=\box75
\@tempa=\box76
\@tempa=\box77
\@tempa=\box78
\@tempa=\box79
\@tempa=\box80
\@tempa=\box81
\@tempa=\box82
\@tempa=\box83
\@tempa=\box84
\@tempa=\box85
\@tempa=\box86
\@tempa=\box87
\@tempa=\box88
\@tempa=\box89
\@tempa=\box90
\@tempa=\box91
\@tempa=\box92
\@tempa=\box93
\@tempa=\box94
\@tempa=\box95
\@tempa=\box96
\c@minrows=\count286
\c@columnbadness=\count287
\c@finalcolumnbadness=\count288
\last@try=\dimen153
\multicolovershoot=\dimen154
\multicolundershoot=\dimen155
\mult@nat@firstbox=\box97
\colbreak@box=\box98
\mc@col@check@num=\count289
)
(/Users/mgdamigos/Library/Application Support/MiKTeX/texmfs/install/tex/latex/o
berdiek/aliascnt.sty
Package: aliascnt 2018/09/07 v1.5 Alias counters (HO)
)
\c@chapter=\count290
LaTeX Font Info:    Redeclaring math symbol \Gamma on input line 379.
LaTeX Font Info:    Redeclaring math symbol \Delta on input line 380.
LaTeX Font Info:    Redeclaring math symbol \Theta on input line 381.
LaTeX Font Info:    Redeclaring math symbol \Lambda on input line 382.
LaTeX Font Info:    Redeclaring math symbol \Xi on input line 383.
LaTeX Font Info:    Redeclaring math symbol \Pi on input line 384.
LaTeX Font Info:    Redeclaring math symbol \Sigma on input line 385.
LaTeX Font Info:    Redeclaring math symbol \Upsilon on input line 386.
LaTeX Font Info:    Redeclaring math symbol \Phi on input line 387.
LaTeX Font Info:    Redeclaring math symbol \Psi on input line 388.
LaTeX Font Info:    Redeclaring math symbol \Omega on input line 389.
LaTeX Info: Redefining \vec on input line 394.
\tocchpnum=\dimen156
\tocsecnum=\dimen157
\tocsectotal=\dimen158
\tocsubsecnum=\dimen159
\tocsubsectotal=\dimen160
\tocsubsubsecnum=\dimen161
\tocsubsubsectotal=\dimen162
\tocparanum=\dimen163
\tocparatotal=\dimen164
\tocsubparanum=\dimen165
\@tempcntc=\count291
\fnindent=\dimen166
\c@@inst=\count292
\c@@auth=\count293
\c@auco=\count294
\instindent=\dimen167
\authrun=\box99
\authorrunning=\toks17
\tocauthor=\toks18
\titrun=\box100
\titlerunning=\toks19
\toctitle=\toks20
\c@theorem=\count295
\c@case=\count296
\c@conjecture=\count297
\c@corollary=\count298
\c@definition=\count299
\c@example=\count300
\c@exercise=\count301
\c@lemma=\count302
\c@note=\count303
\c@problem=\count304
\c@property=\count305
\c@proposition=\count306
\c@question=\count307
\c@solution=\count308
\c@remark=\count309
\headlineindent=\dimen168
)
(/Users/mgdamigos/Library/Application Support/MiKTeX/texmfs/install/tex/latex/b
ase/fontenc.sty
Package: fontenc 2021/04/29 v2.0v Standard LaTeX package
)
(/Users/mgdamigos/Library/Application Support/MiKTeX/texmfs/install/tex/latex/g
raphics/graphicx.sty
Package: graphicx 2021/09/16 v1.2d Enhanced LaTeX Graphics (DPC,SPQR)

(/Users/mgdamigos/Library/Application Support/MiKTeX/texmfs/install/tex/latex/g
raphics/keyval.sty
Package: keyval 2022/05/29 v1.15 key=value parser (DPC)
\KV@toks@=\toks21
)
(/Users/mgdamigos/Library/Application Support/MiKTeX/texmfs/install/tex/latex/g
raphics/graphics.sty
Package: graphics 2024/08/06 v1.4g Standard LaTeX Graphics (DPC,SPQR)

(/Users/mgdamigos/Library/Application Support/MiKTeX/texmfs/install/tex/latex/g
raphics/trig.sty
Package: trig 2023/12/02 v1.11 sin cos tan (DPC)
)
(/Users/mgdamigos/Library/Application Support/MiKTeX/texmfs/install/tex/latex/g
raphics-cfg/graphics.cfg
File: graphics.cfg 2016/06/04 v1.11 sample graphics configuration
)
Package graphics Info: Driver file: pdftex.def on input line 106.

(/Users/mgdamigos/Library/Application Support/MiKTeX/texmfs/install/tex/latex/g
raphics-def/pdftex.def
File: pdftex.def 2024/04/13 v1.2c Graphics/color driver for pdftex
))
\Gin@req@height=\dimen169
\Gin@req@width=\dimen170
)
(/Users/mgdamigos/Library/Application Support/MiKTeX/texmfs/install/tex/latex/l
3backend/l3backend-pdftex.def
File: l3backend-pdftex.def 2025-04-14 L3 backend support: PDF output (pdfTeX)
\l__color_backend_stack_int=\count310
) (paper.aux)
\openout1 = `paper.aux'.

LaTeX Font Info:    Checking defaults for OML/cmm/m/it on input line 22.
LaTeX Font Info:    ... okay on input line 22.
LaTeX Font Info:    Checking defaults for OMS/cmsy/m/n on input line 22.
LaTeX Font Info:    ... okay on input line 22.
LaTeX Font Info:    Checking defaults for OT1/cmr/m/n on input line 22.
LaTeX Font Info:    ... okay on input line 22.
LaTeX Font Info:    Checking defaults for T1/cmr/m/n on input line 22.
LaTeX Font Info:    ... okay on input line 22.
LaTeX Font Info:    Checking defaults for TS1/cmr/m/n on input line 22.
LaTeX Font Info:    ... okay on input line 22.
LaTeX Font Info:    Checking defaults for OMX/cmex/m/n on input line 22.
LaTeX Font Info:    ... okay on input line 22.
LaTeX Font Info:    Checking defaults for U/cmr/m/n on input line 22.
LaTeX Font Info:    ... okay on input line 22.

(/Users/mgdamigos/Library/Application Support/MiKTeX/texmfs/install/tex/context
/base/mkii/supp-pdf.mkii
[Loading MPS to PDF converter (version 2006.09.02).]
\scratchcounter=\count311
\scratchdimen=\dimen171
\scratchbox=\box101
\nofMPsegments=\count312
\nofMParguments=\count313
\everyMPshowfont=\toks22
\MPscratchCnt=\count314
\MPscratchDim=\dimen172
\MPnumerator=\count315
\makeMPintoPDFobject=\count316
\everyMPtoPDFconversion=\toks23
)
(/Users/mgdamigos/Library/Application Support/MiKTeX/texmfs/install/tex/latex/e
pstopdf-pkg/epstopdf-base.sty
Package: epstopdf-base 2020-01-24 v2.11 Base part for package epstopdf
Package epstopdf-base Info: Redefining graphics rule for `.eps' on input line 4
85.

(/Users/mgdamigos/Library/Application Support/MiKTeX/texmfs/install/tex/latex/0
0miktex/epstopdf-sys.cfg
File: epstopdf-sys.cfg 2021/03/18 v2.0 Configuration of epstopdf for MiKTeX
))
LaTeX Font Info:    External font `cmex10' loaded for size
(Font)              <7> on input line 40.
LaTeX Font Info:    External font `cmex10' loaded for size
(Font)              <5> on input line 40.

Title too long for running head. Please supply
a shorter form with \titlerunning prior to \maketitle

Overfull \hbox (3.08728pt too wide) in paragraph at lines 46--47
[]\T1/cmr/bx/n/9 Keywords:\T1/cmr/m/n/9 RiC-O \TS1/cmr/m/n/9 ^^b7 \T1/cmr/m/n/9
 dig-i-tal preser-va-tion \TS1/cmr/m/n/9 ^^b7 \T1/cmr/m/n/9 PREMIS \TS1/cmr/m/n
/9 ^^b7 \T1/cmr/m/n/9 archival
 []



[1

{/Users/mgdamigos/Library/Application Support/MiKTeX/texmfs/data/fonts/map/pdft
ex/pdftex.map}]

LaTeX Warning: Reference `sec:extension' on page 2 undefined on input line 77.


LaTeX Warning: Reference `sec:conclusion' on page 2 undefined on input line 79.



Overfull \hbox (0.18054pt too wide) in paragraph at lines 85--90
\T1/cmr/m/n/10 The lit-er-a-ture on se-man-tic in-ter-op-er-abil-ity in archive
s in-creas-ingly treats archival
 []



[2]

[3]

LaTeX Warning: Citation `ICA23cm' on page 4 undefined on input line 114.



[4]
<PREMIS-ontology-RiC-CM.jpg, id=26, 5425.26875pt x 2865.70625pt>
File: PREMIS-ontology-RiC-CM.jpg Graphic file (type jpg)
<use PREMIS-ontology-RiC-CM.jpg>
Package pdftex.def Info: PREMIS-ontology-RiC-CM.jpg  used on input line 121.
(pdftex.def)             Requested size: 347.12354pt x 183.34773pt.


[5 <./PREMIS-ontology-RiC-CM.jpg>]
LaTeX Font Info:    External font `cmex10' loaded for size
(Font)              <9> on input line 136.
LaTeX Font Info:    External font `cmex10' loaded for size
(Font)              <6> on input line 136.
<PREMIS-ontology.jpg, id=30, 5375.08125pt x 3367.58125pt>
File: PREMIS-ontology.jpg Graphic file (type jpg)
<use PREMIS-ontology.jpg>
Package pdftex.def Info: PREMIS-ontology.jpg  used on input line 139.
(pdftex.def)             Requested size: 347.12354pt x 217.46169pt.

Underfull \vbox (badness 2073) has occurred while \output is active []



[6]

[7 <./PREMIS-ontology.jpg>]
<PREMIS-ontology-example.jpg, id=41, 4260.91875pt x 1636.1125pt>
File: PREMIS-ontology-example.jpg Graphic file (type jpg)
<use PREMIS-ontology-example.jpg>
Package pdftex.def Info: PREMIS-ontology-example.jpg  used on input line 224.
(pdftex.def)             Requested size: 347.12354pt x 133.28831pt.


[8 <./PREMIS-ontology-example.jpg>]

LaTeX Warning: Citation `bibid' on page 9 undefined on input line 242.


Overfull \hbox (34.06116pt too wide) in paragraph at lines 289--290
\T1/cmr/m/n/10 stance such as a dig-i-tal manuscript ren-der-ing (\T1/cmtt/m/n/
10 ex:Rep_001 a premis:Representation,
 []


Overfull \hbox (1.48578pt too wide) in paragraph at lines 289--290
\T1/cmr/m/n/10 across both de-scrip-tive and preser-va-tion do-mains. At the fi
le level, a \T1/cmtt/m/n/10 premis:File
 []


Overfull \hbox (30.58978pt too wide) in paragraph at lines 289--290
\T1/cmr/m/n/10 rep-re-sents an or-dered se-quence of bytes, cor-re-spond-ing to
 \T1/cmtt/m/n/10 rico:SingleLogicalCarrier
 []


Overfull \hbox (12.7608pt too wide) in paragraph at lines 289--290
\T1/cmr/m/n/10 typing (\T1/cmtt/m/n/10 ex:master.tif a premis:File, rico:Single
LogicalCarrier\T1/cmr/m/n/10 ) pre-vents
 []



[9]
Overfull \hbox (6.7345pt too wide) in paragraph at lines 291--292
\T1/cmtt/m/n/10 rdfs:subClassOf \T1/cmr/m/n/10 to \T1/cmtt/m/n/10 rico:Activity
Type\T1/cmr/m/n/10 . For in-stance, as-sign-ing \T1/cmtt/m/n/10 premis:Action
 []



[10]
Overfull \hbox (11.7044pt too wide) in paragraph at lines 293--294
\T1/cmr/m/n/10 LTO tape or solid-state ar-ray. Map-ping \T1/cmtt/m/n/10 premis:
StorageMedium rdfs:subClassOf
 []


Overfull \hbox (12.31647pt too wide) in paragraph at lines 293--294
\T1/cmtt/m/n/10 rdfs:subClassOf rico:Agent\T1/cmr/m/n/10 , \T1/cmtt/m/n/10 prem
is:Person rdfs:subClassOf rico:Person\T1/cmr/m/n/10 ,
 []


Overfull \hbox (13.09406pt too wide) in paragraph at lines 293--294
\T1/cmr/m/n/10 and \T1/cmtt/m/n/10 premis:Organization rdfs:subClassOf rico:Cor
porateBody\T1/cmr/m/n/10 ) en-sures that
 []


Overfull \hbox (48.25214pt too wide) in paragraph at lines 295--296
\T1/cmr/m/n/10 en-sures that statu-tory preser-va-tion obli-ga-tions, such as l
e-gal de-posit acts (\T1/cmtt/m/n/10 ex:Statute_2024
 []

(paper.bbl
Underfull \vbox (badness 10000) has occurred while \output is active []



[11]

[12]
Underfull \hbox (badness 10000) in paragraph at lines 119--122
[]\T1/cmr/m/n/9 PREMIS Ed-i-to-rial Com-mit-tee: PREMIS Data Dic-tio-nary
 []


Underfull \hbox (badness 10000) in paragraph at lines 119--122
\T1/cmr/m/n/9 for Preser-va-tion Meta-data, ver-sion 3.0 edn. (Nov 2015),
 []

)

[13] (paper.aux)
 ***********
LaTeX2e <2024-11-01> patch level 2
L3 programming layer <2025-04-14>
 ***********


LaTeX Warning: There were undefined references.

 ) 
Here is how much of TeX's memory you used:
 2083 strings out of 469946
 32525 string characters out of 5458941
 439183 words of memory out of 5000000
 28901 multiletter control sequences out of 15000+600000
 637308 words of font info for 59 fonts, out of 8000000 for 9000
 1141 hyphenation exceptions out of 8191
 57i,9n,65p,1921b,313s stack positions out of 10000i,1000n,20000p,200000b,200000s
 </Users/mgdamigos/Library/Application Support/MiKTeX/texmfs/data/fonts/pk/lj
four/jknappen/ec/dpi600/ecrm0600.pk> </Users/mgdamigos/Library/Application Supp
ort/MiKTeX/texmfs/data/fonts/pk/ljfour/jknappen/ec/dpi600/ectt1000.pk> </Users/
mgdamigos/Library/Application Support/MiKTeX/texmfs/data/fonts/pk/ljfour/jknapp
en/ec/dpi600/ecrm0700.pk> </Users/mgdamigos/Library/Application Support/MiKTeX/
texmfs/data/fonts/pk/ljfour/jknappen/ec/dpi600/ecbx1000.pk> </Users/mgdamigos/L
ibrary/Application Support/MiKTeX/texmfs/data/fonts/pk/ljfour/jknappen/ec/dpi60
0/ecbx1200.pk> </Users/mgdamigos/Library/Application Support/MiKTeX/texmfs/data
/fonts/pk/ljfour/jknappen/ec/dpi600/tcrm0900.pk> </Users/mgdamigos/Library/Appl
ication Support/MiKTeX/texmfs/data/fonts/pk/ljfour/jknappen/ec/dpi600/ecbx0900.
pk> </Users/mgdamigos/Library/Application Support/MiKTeX/texmfs/data/fonts/pk/l
jfour/jknappen/ec/dpi600/ectt0900.pk> </Users/mgdamigos/Library/Application Sup
port/MiKTeX/texmfs/data/fonts/pk/ljfour/jknappen/ec/dpi600/ecrm0900.pk> </Users
/mgdamigos/Library/Application Support/MiKTeX/texmfs/data/fonts/pk/ljfour/jknap
pen/ec/dpi600/ecrm1000.pk> </Users/mgdamigos/Library/Application Support/MiKTeX
/texmfs/data/fonts/pk/ljfour/jknappen/ec/dpi600/ecbx1440.pk></Users/mgdamigos/L
ibrary/Application Support/MiKTeX/texmfs/install/fonts/type1/public/amsfonts/cm
/cmmi10.pfb></Users/mgdamigos/Library/Application Support/MiKTeX/texmfs/install
/fonts/type1/public/amsfonts/cm/cmr10.pfb></Users/mgdamigos/Library/Application
 Support/MiKTeX/texmfs/install/fonts/type1/public/amsfonts/cm/cmr7.pfb></Users/
mgdamigos/Library/Application Support/MiKTeX/texmfs/install/fonts/type1/public/
amsfonts/cm/cmsy7.pfb>
Output written on paper.pdf (13 pages, 2633352 bytes).
PDF statistics:
 515 PDF objects out of 1000 (max. 8388607)
 0 named destinations out of 1000 (max. 500000)
 16 words of extra memory for PDF output out of 10000 (max. 10000000)

